Fixed dim: k, total shapes: 1350, output: artifacts/results/benchmarks/kernel/module_fix_k.csv
GPU: 0 NVIDIA GeForce RTX 5090
Warmup: 5, Iters: 20, Bias: False
  [1/1350] m=1 n=1 k=1
  [50/1350] m=8 n=16 k=1
  [100/1350] m=64 n=512 k=1
  [150/1350] m=512 n=16384 k=1
  [200/1350] m=8192 n=16 k=1
  [250/1350] m=2 n=512 k=16
  [300/1350] m=16 n=16384 k=16
  [350/1350] m=256 n=16 k=16
  [400/1350] m=2048 n=512 k=16
  [450/1350] m=16384 n=16384 k=16
  [500/1350] m=8 n=16 k=64
run_backend_from_sparse: can_implement failed.
run_backend_from_sparse: can_implement failed.
run_backend_from_sparse: can_implement failed.
run_backend_from_sparse: can_implement failed.
run_backend_from_sparse: can_implement failed.
run_backend_from_sparse: can_implement failed.
run_backend_from_sparse: can_implement failed.
run_backend_from_sparse: can_implement failed.
run_backend_from_sparse: can_implement failed.
run_backend_from_sparse: can_implement failed.
run_backend_from_sparse: can_implement failed.
run_backend_from_sparse: can_implement failed.
run_backend_from_sparse: can_implement failed.
run_backend_from_sparse: can_implement failed.
run_backend_from_sparse: can_implement failed.
run_backend_from_sparse: can_implement failed.
run_backend_from_sparse: can_implement failed.
run_backend_from_sparse: can_implement failed.
run_backend_from_sparse: can_implement failed.
run_backend_from_sparse: can_implement failed.
run_backend_from_sparse: can_implement failed.
run_backend_from_sparse: can_implement failed.
run_backend_from_sparse: can_implement failed.
run_backend_from_sparse: can_implement failed.
run_backend_from_sparse: can_implement failed.
run_backend_from_sparse: can_implement failed.
run_backend_from_sparse: can_implement failed.
run_backend_from_sparse: can_implement failed.
run_backend_from_sparse: can_implement failed.
run_backend_from_sparse: can_implement failed.
run_backend_from_sparse: can_implement failed.
run_backend_from_sparse: can_implement failed.
run_backend_from_sparse: can_implement failed.
run_backend_from_sparse: can_implement failed.
run_backend_from_sparse: can_implement failed.
run_backend_from_sparse: can_implement failed.
run_backend_from_sparse: can_implement failed.
run_backend_from_sparse: can_implement failed.
run_backend_from_sparse: can_implement failed.
run_backend_from_sparse: can_implement failed.
run_backend_from_sparse: can_implement failed.
run_backend_from_sparse: can_implement failed.
run_backend_from_sparse: can_implement failed.
run_backend_from_sparse: can_implement failed.
run_backend_from_sparse: can_implement failed.
run_backend_from_sparse: can_implement failed.
run_backend_from_sparse: can_implement failed.
run_backend_from_sparse: can_implement failed.
run_backend_from_sparse: can_implement failed.
run_backend_from_sparse: can_implement failed.
run_backend_from_sparse: can_implement failed.
run_backend_from_sparse: can_implement failed.
run_backend_from_sparse: can_implement failed.
run_backend_from_sparse: can_implement failed.
run_backend_from_sparse: can_implement failed.
run_backend_from_sparse: can_implement failed.
run_backend_from_sparse: can_implement failed.
run_backend_from_sparse: can_implement failed.
run_backend_from_sparse: can_implement failed.
run_backend_from_sparse: can_implement failed.
run_backend_from_sparse: can_implement failed.
run_backend_from_sparse: can_implement failed.
run_backend_from_sparse: can_implement failed.
run_backend_from_sparse: can_implement failed.
run_backend_from_sparse: can_implement failed.
run_backend_from_sparse: can_implement failed.
run_backend_from_sparse: can_implement failed.
run_backend_from_sparse: can_implement failed.
run_backend_from_sparse: can_implement failed.
run_backend_from_sparse: can_implement failed.
run_backend_from_sparse: can_implement failed.
run_backend_from_sparse: can_implement failed.
run_backend_from_sparse: can_implement failed.
run_backend_from_sparse: can_implement failed.
run_backend_from_sparse: can_implement failed.
run_backend_from_sparse: can_implement failed.
run_backend_from_sparse: can_implement failed.
run_backend_from_sparse: can_implement failed.
run_backend_from_sparse: can_implement failed.
run_backend_from_sparse: can_implement failed.
run_backend_from_sparse: can_implement failed.
run_backend_from_sparse: can_implement failed.
run_backend_from_sparse: can_implement failed.
run_backend_from_sparse: can_implement failed.
run_backend_from_sparse: can_implement failed.
run_backend_from_sparse: can_implement failed.
run_backend_from_sparse: can_implement failed.
run_backend_from_sparse: can_implement failed.
run_backend_from_sparse: can_implement failed.
run_backend_from_sparse: can_implement failed.
run_backend_from_sparse: can_implement failed.
run_backend_from_sparse: can_implement failed.
run_backend_from_sparse: can_implement failed.
run_backend_from_sparse: can_implement failed.
run_backend_from_sparse: can_implement failed.
run_backend_from_sparse: can_implement failed.
run_backend_from_sparse: can_implement failed.
run_backend_from_sparse: can_implement failed.
run_backend_from_sparse: can_implement failed.
run_backend_from_sparse: can_implement failed.
run_backend_from_sparse: can_implement failed.
run_backend_from_sparse: can_implement failed.
run_backend_from_sparse: can_implement failed.
run_backend_from_sparse: can_implement failed.
run_backend_from_sparse: can_implement failed.
run_backend_from_sparse: can_implement failed.
run_backend_from_sparse: can_implement failed.
run_backend_from_sparse: can_implement failed.
run_backend_from_sparse: can_implement failed.
run_backend_from_sparse: can_implement failed.
run_backend_from_sparse: can_implement failed.
run_backend_from_sparse: can_implement failed.
run_backend_from_sparse: can_implement failed.
run_backend_from_sparse: can_implement failed.
run_backend_from_sparse: can_implement failed.
run_backend_from_sparse: can_implement failed.
run_backend_from_sparse: can_implement failed.
run_backend_from_sparse: can_implement failed.
run_backend_from_sparse: can_implement failed.
run_backend_from_sparse: can_implement failed.
  [550/1350] m=64 n=512 k=64
  [600/1350] m=512 n=16384 k=64
  [650/1350] m=8192 n=16 k=64
  [700/1350] m=2 n=512 k=256
  [750/1350] m=16 n=16384 k=256
  [800/1350] m=256 n=16 k=256
  [850/1350] m=2048 n=512 k=256
  [900/1350] m=16384 n=16384 k=256
  [950/1350] m=8 n=16 k=4096
  [1000/1350] m=64 n=512 k=4096
  [1050/1350] m=512 n=16384 k=4096
  [1100/1350] m=8192 n=16 k=4096
  [1150/1350] m=2 n=512 k=16384
  [1200/1350] m=16 n=16384 k=16384
  [1250/1350] m=256 n=16 k=16384
  [1300/1350] m=2048 n=512 k=16384
  [1350/1350] m=16384 n=16384 k=16384
Done.
