Fixed dim: m, total shapes: 1350, output: artifacts/results/benchmarks/kernel/module_fix_m.csv
GPU: 0 NVIDIA GeForce RTX 5090
Warmup: 5, Iters: 20, Bias: False
  [1/1350] m=1 n=1 k=1
  [50/1350] m=1 n=8 k=16
    ERROR kernel=dense_nvfp4 m=1 n=32 k=32: module output contains NaN/Inf
  [100/1350] m=1 n=64 k=512
    ERROR kernel=dense_nvfp4 m=1 n=128 k=32: module output contains NaN/Inf
  [150/1350] m=1 n=512 k=16384
  [200/1350] m=1 n=8192 k=16
    ERROR kernel=dense_nvfp4 m=1 n=8192 k=32: module output contains NaN/Inf
    ERROR kernel=dense_nvfp4 m=1 n=16384 k=32: module output contains NaN/Inf
  [250/1350] m=16 n=2 k=512
  [300/1350] m=16 n=16 k=16384
    ERROR kernel=dense_nvfp4 m=16 n=128 k=32: module output contains NaN/Inf
  [350/1350] m=16 n=256 k=16
    ERROR kernel=dense_nvfp4 m=16 n=256 k=32: module output contains NaN/Inf
    ERROR kernel=dense_nvfp4 m=16 n=512 k=32: module output contains NaN/Inf
  [400/1350] m=16 n=2048 k=512
    ERROR kernel=dense_nvfp4 m=16 n=16384 k=32: module output contains NaN/Inf
  [450/1350] m=16 n=16384 k=16384
run_backend_from_sparse: can_implement failed.
run_backend_from_sparse: can_implement failed.
run_backend_from_sparse: can_implement failed.
run_backend_from_sparse: can_implement failed.
run_backend_from_sparse: can_implement failed.
run_backend_from_sparse: can_implement failed.
run_backend_from_sparse: can_implement failed.
run_backend_from_sparse: can_implement failed.
run_backend_from_sparse: can_implement failed.
run_backend_from_sparse: can_implement failed.
run_backend_from_sparse: can_implement failed.
run_backend_from_sparse: can_implement failed.
run_backend_from_sparse: can_implement failed.
run_backend_from_sparse: can_implement failed.
run_backend_from_sparse: can_implement failed.
run_backend_from_sparse: can_implement failed.
run_backend_from_sparse: can_implement failed.
run_backend_from_sparse: can_implement failed.
run_backend_from_sparse: can_implement failed.
run_backend_from_sparse: can_implement failed.
run_backend_from_sparse: can_implement failed.
run_backend_from_sparse: can_implement failed.
run_backend_from_sparse: can_implement failed.
run_backend_from_sparse: can_implement failed.
run_backend_from_sparse: can_implement failed.
run_backend_from_sparse: can_implement failed.
run_backend_from_sparse: can_implement failed.
run_backend_from_sparse: can_implement failed.
run_backend_from_sparse: can_implement failed.
run_backend_from_sparse: can_implement failed.
run_backend_from_sparse: can_implement failed.
run_backend_from_sparse: can_implement failed.
run_backend_from_sparse: can_implement failed.
run_backend_from_sparse: can_implement failed.
run_backend_from_sparse: can_implement failed.
run_backend_from_sparse: can_implement failed.
run_backend_from_sparse: can_implement failed.
run_backend_from_sparse: can_implement failed.
run_backend_from_sparse: can_implement failed.
run_backend_from_sparse: can_implement failed.
run_backend_from_sparse: can_implement failed.
run_backend_from_sparse: can_implement failed.
run_backend_from_sparse: can_implement failed.
run_backend_from_sparse: can_implement failed.
run_backend_from_sparse: can_implement failed.
run_backend_from_sparse: can_implement failed.
run_backend_from_sparse: can_implement failed.
run_backend_from_sparse: can_implement failed.
run_backend_from_sparse: can_implement failed.
run_backend_from_sparse: can_implement failed.
run_backend_from_sparse: can_implement failed.
run_backend_from_sparse: can_implement failed.
run_backend_from_sparse: can_implement failed.
run_backend_from_sparse: can_implement failed.
run_backend_from_sparse: can_implement failed.
run_backend_from_sparse: can_implement failed.
run_backend_from_sparse: can_implement failed.
run_backend_from_sparse: can_implement failed.
run_backend_from_sparse: can_implement failed.
run_backend_from_sparse: can_implement failed.
run_backend_from_sparse: can_implement failed.
run_backend_from_sparse: can_implement failed.
run_backend_from_sparse: can_implement failed.
run_backend_from_sparse: can_implement failed.
run_backend_from_sparse: can_implement failed.
run_backend_from_sparse: can_implement failed.
run_backend_from_sparse: can_implement failed.
run_backend_from_sparse: can_implement failed.
run_backend_from_sparse: can_implement failed.
run_backend_from_sparse: can_implement failed.
run_backend_from_sparse: can_implement failed.
run_backend_from_sparse: can_implement failed.
run_backend_from_sparse: can_implement failed.
run_backend_from_sparse: can_implement failed.
run_backend_from_sparse: can_implement failed.
run_backend_from_sparse: can_implement failed.
run_backend_from_sparse: can_implement failed.
run_backend_from_sparse: can_implement failed.
run_backend_from_sparse: can_implement failed.
run_backend_from_sparse: can_implement failed.
run_backend_from_sparse: can_implement failed.
run_backend_from_sparse: can_implement failed.
run_backend_from_sparse: can_implement failed.
run_backend_from_sparse: can_implement failed.
run_backend_from_sparse: can_implement failed.
run_backend_from_sparse: can_implement failed.
run_backend_from_sparse: can_implement failed.
run_backend_from_sparse: can_implement failed.
run_backend_from_sparse: can_implement failed.
run_backend_from_sparse: can_implement failed.
run_backend_from_sparse: can_implement failed.
run_backend_from_sparse: can_implement failed.
run_backend_from_sparse: can_implement failed.
run_backend_from_sparse: can_implement failed.
run_backend_from_sparse: can_implement failed.
run_backend_from_sparse: can_implement failed.
run_backend_from_sparse: can_implement failed.
run_backend_from_sparse: can_implement failed.
run_backend_from_sparse: can_implement failed.
run_backend_from_sparse: can_implement failed.
run_backend_from_sparse: can_implement failed.
run_backend_from_sparse: can_implement failed.
run_backend_from_sparse: can_implement failed.
run_backend_from_sparse: can_implement failed.
run_backend_from_sparse: can_implement failed.
run_backend_from_sparse: can_implement failed.
run_backend_from_sparse: can_implement failed.
run_backend_from_sparse: can_implement failed.
  [500/1350] m=64 n=8 k=16
  [550/1350] m=64 n=64 k=512
    ERROR kernel=dense_nvfp4 m=64 n=256 k=32: module output contains NaN/Inf
    ERROR kernel=dense_nvfp4 m=64 n=512 k=32: module output contains NaN/Inf
  [600/1350] m=64 n=512 k=16384
    ERROR kernel=dense_nvfp4 m=64 n=2048 k=32: module output contains NaN/Inf
  [650/1350] m=64 n=8192 k=16
    ERROR kernel=dense_nvfp4 m=64 n=8192 k=32: module output contains NaN/Inf
    ERROR kernel=dense_nvfp4 m=64 n=16384 k=32: module output contains NaN/Inf
  [700/1350] m=256 n=2 k=512
  [750/1350] m=256 n=16 k=16384
    ERROR kernel=dense_nvfp4 m=256 n=128 k=32: module output contains NaN/Inf
  [800/1350] m=256 n=256 k=16
    ERROR kernel=dense_nvfp4 m=256 n=1024 k=32: module output contains NaN/Inf
  [850/1350] m=256 n=2048 k=512
    ERROR kernel=dense_nvfp4 m=256 n=8192 k=32: module output contains NaN/Inf
  [900/1350] m=256 n=16384 k=16384
  [950/1350] m=4096 n=8 k=16
    ERROR kernel=dense_nvfp4 m=4096 n=32 k=32: module output contains NaN/Inf
    ERROR kernel=dense_nvfp4 m=4096 n=64 k=32: module output contains NaN/Inf
  [1000/1350] m=4096 n=64 k=512
    ERROR kernel=dense_nvfp4 m=4096 n=128 k=32: module output contains NaN/Inf
    ERROR kernel=dense_nvfp4 m=4096 n=512 k=32: module output contains NaN/Inf
  [1050/1350] m=4096 n=512 k=16384
    ERROR kernel=dense_nvfp4 m=4096 n=4096 k=32: module output contains NaN/Inf
  [1100/1350] m=4096 n=8192 k=16
    ERROR kernel=dense_nvfp4 m=4096 n=8192 k=32: module output contains NaN/Inf
    ERROR kernel=dense_nvfp4 m=4096 n=16384 k=32: module output contains NaN/Inf
  [1150/1350] m=16384 n=2 k=512
  [1200/1350] m=16384 n=16 k=16384
  [1250/1350] m=16384 n=256 k=16
    ERROR kernel=dense_nvfp4 m=16384 n=1024 k=32: module output contains NaN/Inf
    ERROR kernel=dense_nvfp4 m=16384 n=2048 k=32: module output contains NaN/Inf
  [1300/1350] m=16384 n=2048 k=512
    ERROR kernel=dense_nvfp4 m=16384 n=4096 k=32: module output contains NaN/Inf
    ERROR kernel=dense_nvfp4 m=16384 n=8192 k=32: module output contains NaN/Inf
    ERROR kernel=dense_nvfp4 m=16384 n=16384 k=32: module output contains NaN/Inf
  [1350/1350] m=16384 n=16384 k=16384
Done.
