Fixed dim: n, total shapes: 1350, output: artifacts/results/benchmarks/kernel/module_fix_n.csv
GPU: 0 NVIDIA GeForce RTX 5090
Warmup: 5, Iters: 20, Bias: False
  [1/1350] m=1 n=1 k=1
  [50/1350] m=8 n=1 k=16
run_backend_from_sparse: can_implement failed.
run_backend_from_sparse: can_implement failed.
run_backend_from_sparse: can_implement failed.
run_backend_from_sparse: can_implement failed.
run_backend_from_sparse: can_implement failed.
run_backend_from_sparse: can_implement failed.
run_backend_from_sparse: can_implement failed.
run_backend_from_sparse: can_implement failed.
run_backend_from_sparse: can_implement failed.
run_backend_from_sparse: can_implement failed.
run_backend_from_sparse: can_implement failed.
run_backend_from_sparse: can_implement failed.
run_backend_from_sparse: can_implement failed.
run_backend_from_sparse: can_implement failed.
run_backend_from_sparse: can_implement failed.
run_backend_from_sparse: can_implement failed.
run_backend_from_sparse: can_implement failed.
run_backend_from_sparse: can_implement failed.
run_backend_from_sparse: can_implement failed.
run_backend_from_sparse: can_implement failed.
run_backend_from_sparse: can_implement failed.
run_backend_from_sparse: can_implement failed.
run_backend_from_sparse: can_implement failed.
run_backend_from_sparse: can_implement failed.
run_backend_from_sparse: can_implement failed.
run_backend_from_sparse: can_implement failed.
run_backend_from_sparse: can_implement failed.
run_backend_from_sparse: can_implement failed.
run_backend_from_sparse: can_implement failed.
run_backend_from_sparse: can_implement failed.
run_backend_from_sparse: can_implement failed.
run_backend_from_sparse: can_implement failed.
run_backend_from_sparse: can_implement failed.
run_backend_from_sparse: can_implement failed.
run_backend_from_sparse: can_implement failed.
run_backend_from_sparse: can_implement failed.
run_backend_from_sparse: can_implement failed.
run_backend_from_sparse: can_implement failed.
run_backend_from_sparse: can_implement failed.
run_backend_from_sparse: can_implement failed.
run_backend_from_sparse: can_implement failed.
run_backend_from_sparse: can_implement failed.
run_backend_from_sparse: can_implement failed.
run_backend_from_sparse: can_implement failed.
run_backend_from_sparse: can_implement failed.
run_backend_from_sparse: can_implement failed.
run_backend_from_sparse: can_implement failed.
run_backend_from_sparse: can_implement failed.
run_backend_from_sparse: can_implement failed.
run_backend_from_sparse: can_implement failed.
run_backend_from_sparse: can_implement failed.
run_backend_from_sparse: can_implement failed.
run_backend_from_sparse: can_implement failed.
run_backend_from_sparse: can_implement failed.
run_backend_from_sparse: can_implement failed.
run_backend_from_sparse: can_implement failed.
run_backend_from_sparse: can_implement failed.
run_backend_from_sparse: can_implement failed.
run_backend_from_sparse: can_implement failed.
run_backend_from_sparse: can_implement failed.
run_backend_from_sparse: can_implement failed.
run_backend_from_sparse: can_implement failed.
run_backend_from_sparse: can_implement failed.
run_backend_from_sparse: can_implement failed.
run_backend_from_sparse: can_implement failed.
run_backend_from_sparse: can_implement failed.
run_backend_from_sparse: can_implement failed.
run_backend_from_sparse: can_implement failed.
run_backend_from_sparse: can_implement failed.
run_backend_from_sparse: can_implement failed.
run_backend_from_sparse: can_implement failed.
run_backend_from_sparse: can_implement failed.
run_backend_from_sparse: can_implement failed.
run_backend_from_sparse: can_implement failed.
run_backend_from_sparse: can_implement failed.
run_backend_from_sparse: can_implement failed.
run_backend_from_sparse: can_implement failed.
run_backend_from_sparse: can_implement failed.
run_backend_from_sparse: can_implement failed.
run_backend_from_sparse: can_implement failed.
run_backend_from_sparse: can_implement failed.
run_backend_from_sparse: can_implement failed.
run_backend_from_sparse: can_implement failed.
run_backend_from_sparse: can_implement failed.
run_backend_from_sparse: can_implement failed.
run_backend_from_sparse: can_implement failed.
run_backend_from_sparse: can_implement failed.
run_backend_from_sparse: can_implement failed.
run_backend_from_sparse: can_implement failed.
run_backend_from_sparse: can_implement failed.
  [100/1350] m=64 n=1 k=512
  [150/1350] m=512 n=1 k=16384
  [200/1350] m=8192 n=1 k=16
  [250/1350] m=2 n=16 k=512
  [300/1350] m=16 n=16 k=16384
  [350/1350] m=256 n=16 k=16
  [400/1350] m=2048 n=16 k=512
  [450/1350] m=16384 n=16 k=16384
  [500/1350] m=8 n=64 k=16
  [550/1350] m=64 n=64 k=512
    ERROR kernel=dense_nvfp4 m=512 n=64 k=32: module output contains NaN/Inf
  [600/1350] m=512 n=64 k=16384
    ERROR kernel=dense_nvfp4 m=1024 n=64 k=32: module output contains NaN/Inf
    ERROR kernel=dense_nvfp4 m=2048 n=64 k=32: module output contains NaN/Inf
    ERROR kernel=dense_nvfp4 m=4096 n=64 k=32: module output contains NaN/Inf
  [650/1350] m=8192 n=64 k=16
    ERROR kernel=dense_nvfp4 m=8192 n=64 k=32: module output contains NaN/Inf
  [700/1350] m=2 n=256 k=512
  [750/1350] m=16 n=256 k=16384
  [800/1350] m=256 n=256 k=16
    ERROR kernel=dense_nvfp4 m=2048 n=256 k=32: module output contains NaN/Inf
  [850/1350] m=2048 n=256 k=512
    ERROR kernel=dense_nvfp4 m=8192 n=256 k=32: module output contains NaN/Inf
  [900/1350] m=16384 n=256 k=16384
    ERROR kernel=dense_nvfp4 m=2 n=4096 k=32: module output contains NaN/Inf
  [950/1350] m=8 n=4096 k=16
  [1000/1350] m=64 n=4096 k=512
    ERROR kernel=dense_nvfp4 m=128 n=4096 k=32: module output contains NaN/Inf
  [1050/1350] m=512 n=4096 k=16384
    ERROR kernel=dense_nvfp4 m=4096 n=4096 k=32: module output contains NaN/Inf
  [1100/1350] m=8192 n=4096 k=16
    ERROR kernel=dense_nvfp4 m=8192 n=4096 k=32: module output contains NaN/Inf
    ERROR kernel=dense_nvfp4 m=1 n=16384 k=32: module output contains NaN/Inf
    ERROR kernel=dense_nvfp4 m=2 n=16384 k=32: module output contains NaN/Inf
  [1150/1350] m=2 n=16384 k=512
    ERROR kernel=dense_nvfp4 m=4 n=16384 k=32: module output contains NaN/Inf
    ERROR kernel=dense_nvfp4 m=8 n=16384 k=32: module output contains NaN/Inf
    ERROR kernel=dense_nvfp4 m=16 n=16384 k=32: module output contains NaN/Inf
  [1200/1350] m=16 n=16384 k=16384
    ERROR kernel=dense_nvfp4 m=32 n=16384 k=32: module output contains NaN/Inf
    ERROR kernel=dense_nvfp4 m=64 n=16384 k=32: module output contains NaN/Inf
    ERROR kernel=dense_nvfp4 m=128 n=16384 k=32: module output contains NaN/Inf
  [1250/1350] m=256 n=16384 k=16
    ERROR kernel=dense_nvfp4 m=256 n=16384 k=32: module output contains NaN/Inf
    ERROR kernel=dense_nvfp4 m=512 n=16384 k=32: module output contains NaN/Inf
    ERROR kernel=dense_nvfp4 m=1024 n=16384 k=32: module output contains NaN/Inf
    ERROR kernel=dense_nvfp4 m=2048 n=16384 k=32: module output contains NaN/Inf
  [1300/1350] m=2048 n=16384 k=512
    ERROR kernel=dense_nvfp4 m=4096 n=16384 k=32: module output contains NaN/Inf
    ERROR kernel=dense_nvfp4 m=8192 n=16384 k=32: module output contains NaN/Inf
    ERROR kernel=dense_nvfp4 m=16384 n=16384 k=32: module output contains NaN/Inf
  [1350/1350] m=16384 n=16384 k=16384
Done.
